2026-09-17T09:35:21.1002851Z Current runner version: '2.337.0'
2026-09-17T09:35:21.1030132Z ##[group]Runner Image Provisioner
2026-09-17T09:35:21.1031072Z Hosted Compute Agent
2026-09-17T09:35:21.1031855Z Version: 20260828.587
2026-09-17T09:35:21.1032522Z Commit: abac92662cab4cc7352de4f9f9d2e2419aad9c29
2026-09-17T09:35:21.1033513Z Build Date: 2026-08-28T16:44:25Z
2026-09-17T09:35:21.1034268Z Worker ID: {fbfd4d49-6a39-4cca-bfe4-94f319ff4c7d}
2026-09-17T09:35:21.1035062Z Azure Region: westcentralus
2026-09-17T09:35:21.1035751Z ##[endgroup]
2026-09-17T09:35:21.1037248Z ##[group]Operating System
2026-09-17T09:35:21.1037875Z Ubuntu
2026-09-17T09:35:21.1038512Z 24.04.5
2026-09-17T09:35:21.1039088Z LTS
2026-09-17T09:35:21.1039731Z ##[endgroup]
2026-09-17T09:35:21.1040315Z ##[group]Runner Image
2026-09-17T09:35:21.1040920Z Image: ubuntu-24.04
2026-09-17T09:35:21.1041597Z Version: 20260907.300.1
2026-09-17T09:35:21.1042917Z Included Software: https://github.com/actions/runner-images/blob/ubuntu24/20260907.300/images/ubuntu/Ubuntu2404-Readme.md
2026-09-17T09:35:21.1045011Z Image Release: https://github.com/actions/runner-images/releases/tag/ubuntu24%2F20260907.300
2026-09-17T09:35:21.1046008Z ##[endgroup]
2026-09-17T09:35:21.1047216Z ##[group]GITHUB_TOKEN Permissions
2026-09-17T09:35:21.1049314Z Contents: read
2026-09-17T09:35:21.1050051Z Metadata: read
2026-09-17T09:35:21.1051164Z ##[endgroup]
2026-09-17T09:35:21.1053779Z Secret source: Actions
2026-09-17T09:35:21.1055051Z Cache mode: write
2026-09-17T09:35:21.1055823Z Prepare workflow directory
2026-09-17T09:35:21.1444503Z Prepare all required actions
2026-09-17T09:35:21.1549015Z Complete job name: verify
2026-09-17T09:35:21.2759584Z ##[group]Run if [ "$CODE_PATHS" != "success" ]; then
2026-09-17T09:35:21.2760853Z [36;1mif [ "$CODE_PATHS" != "success" ]; then[0m
2026-09-17T09:35:21.2761784Z [36;1m  exit 1[0m
2026-09-17T09:35:21.2762439Z [36;1mfi[0m
2026-09-17T09:35:21.2763709Z [36;1mif [ "$ROOT_DIRECTORY_GUARD" != "success" ]; then[0m
2026-09-17T09:35:21.2764736Z [36;1m  exit 1[0m
2026-09-17T09:35:21.2765439Z [36;1mfi[0m
2026-09-17T09:35:21.2766147Z [36;1mif [ "$SHOULD_RUN" != "true" ]; then[0m
2026-09-17T09:35:21.2767275Z [36;1m  echo "Docs-only change; expensive PR checks skipped."[0m
2026-09-17T09:35:21.2768389Z [36;1mfi[0m
2026-09-17T09:35:21.2769031Z [36;1mfailed=0[0m
2026-09-17T09:35:21.2769732Z [36;1mcheck_job() {[0m
2026-09-17T09:35:21.2770567Z [36;1m  local name="$1" result="$2" should="$3"[0m
2026-09-17T09:35:21.2771556Z [36;1m  if [ "$should" = "true" ]; then[0m
2026-09-17T09:35:21.2772531Z [36;1m    if [ "$result" != "success" ]; then[0m
2026-09-17T09:35:21.2774118Z [36;1m      echo "$name: expected success, got $result"[0m
2026-09-17T09:35:21.2775125Z [36;1m      failed=1[0m
2026-09-17T09:35:21.2775845Z [36;1m    fi[0m
2026-09-17T09:35:21.2776503Z [36;1m  else[0m
2026-09-17T09:35:21.2777292Z [36;1m    if [ "$result" != "skipped" ]; then[0m
2026-09-17T09:35:21.2778354Z [36;1m      echo "$name: expected skipped, got $result"[0m
2026-09-17T09:35:21.2779341Z [36;1m      failed=1[0m
2026-09-17T09:35:21.2780082Z [36;1m    fi[0m
2026-09-17T09:35:21.2780753Z [36;1m  fi[0m
2026-09-17T09:35:21.2781401Z [36;1m}[0m
2026-09-17T09:35:21.2782286Z [36;1m# Require success when the PR has code-relevant changes[0m
2026-09-17T09:35:21.2783875Z [36;1mcheck_job static_analysis "$STATIC_ANALYSIS" "$STATIC_ANALYSIS_SHOULD_RUN"[0m
2026-09-17T09:35:21.2785350Z [36;1mcheck_job typecheck "$TYPECHECK" "$TYPECHECK_SHOULD_RUN"[0m
2026-09-17T09:35:21.2786876Z [36;1mcheck_job git_compatibility "$GIT_COMPATIBILITY" "$GIT_COMPATIBILITY_SHOULD_RUN"[0m
2026-09-17T09:35:21.2788898Z [36;1mcheck_job codex_index_heal_contract "$CODEX_INDEX_HEAL_CONTRACT" "$CODEX_INDEX_HEAL_CONTRACT_SHOULD_RUN"[0m
2026-09-17T09:35:21.2790851Z [36;1mcheck_job xterm_patch_sync "$XTERM_PATCH_SYNC" "$XTERM_PATCH_SYNC_SHOULD_RUN"[0m
2026-09-17T09:35:21.2792479Z [36;1mcheck_job shell_contracts "$SHELL_CONTRACTS" "$SHELL_CONTRACTS_SHOULD_RUN"[0m
2026-09-17T09:35:21.2794068Z [36;1mcheck_job test "$TEST" "$TEST_SHOULD_RUN"[0m
2026-09-17T09:35:21.2795751Z [36;1mcheck_job orcad_browser "$ORCAD_BROWSER" "$ORCAD_BROWSER_SHOULD_RUN"[0m
2026-09-17T09:35:21.2797446Z [36;1mcheck_job cross-version-wire "$CROSS_VERSION_WIRE" "$CROSS_VERSION_WIRE_SHOULD_RUN"[0m
2026-09-17T09:35:21.2799253Z [36;1mcheck_job managed_hook_node18 "$MANAGED_HOOK_NODE18" "$MANAGED_HOOK_NODE18_SHOULD_RUN"[0m
2026-09-17T09:35:21.2800816Z [36;1mcheck_job package "$PACKAGE" "$PACKAGE_SHOULD_RUN"[0m
2026-09-17T09:35:21.2802212Z [36;1mcheck_job package_windows "$PACKAGE_WINDOWS" "$PACKAGE_WINDOWS_SHOULD_RUN"[0m
2026-09-17T09:35:21.2804463Z [36;1mexit "$failed"[0m
2026-09-17T09:35:21.3325066Z shell: /usr/bin/bash -e {0}
2026-09-17T09:35:21.3326612Z env:
2026-09-17T09:35:21.3327288Z   CODE_PATHS: cancelled
2026-09-17T09:35:21.3328039Z   SHOULD_RUN: 
2026-09-17T09:35:21.3328723Z   STATIC_ANALYSIS: cancelled
2026-09-17T09:35:21.3329562Z   STATIC_ANALYSIS_SHOULD_RUN: 
2026-09-17T09:35:21.3330465Z   ROOT_DIRECTORY_GUARD: cancelled
2026-09-17T09:35:21.3331326Z   TYPECHECK: cancelled
2026-09-17T09:35:21.3332092Z   TYPECHECK_SHOULD_RUN: 
2026-09-17T09:35:21.3332854Z   GIT_COMPATIBILITY: cancelled
2026-09-17T09:35:21.3333878Z   GIT_COMPATIBILITY_SHOULD_RUN: 
2026-09-17T09:35:21.3334711Z   CODEX_INDEX_HEAL_CONTRACT: cancelled
2026-09-17T09:35:21.3335617Z   CODEX_INDEX_HEAL_CONTRACT_SHOULD_RUN: 
2026-09-17T09:35:21.3336503Z   XTERM_PATCH_SYNC: cancelled
2026-09-17T09:35:21.3337314Z   XTERM_PATCH_SYNC_SHOULD_RUN: 
2026-09-17T09:35:21.3338135Z   SHELL_CONTRACTS: cancelled
2026-09-17T09:35:21.3338924Z   SHELL_CONTRACTS_SHOULD_RUN: 
2026-09-17T09:35:21.3340069Z   TEST: skipped
2026-09-17T09:35:21.3340755Z   TEST_SHOULD_RUN: 
2026-09-17T09:35:21.3341450Z   ORCAD_BROWSER: cancelled
2026-09-17T09:35:21.3342223Z   ORCAD_BROWSER_SHOULD_RUN: 
2026-09-17T09:35:21.3343026Z   CROSS_VERSION_WIRE: cancelled
2026-09-17T09:35:21.3344065Z   CROSS_VERSION_WIRE_SHOULD_RUN: 
2026-09-17T09:35:21.3344898Z   MANAGED_HOOK_NODE18: cancelled
2026-09-17T09:35:21.3345771Z   MANAGED_HOOK_NODE18_SHOULD_RUN: 
2026-09-17T09:35:21.3346631Z   PACKAGE: cancelled
2026-09-17T09:35:21.3347339Z   PACKAGE_SHOULD_RUN: 
2026-09-17T09:35:21.3348092Z   PACKAGE_WINDOWS: cancelled
2026-09-17T09:35:21.3348874Z   PACKAGE_WINDOWS_SHOULD_RUN: 
2026-09-17T09:35:21.3349781Z ##[endgroup]
2026-09-17T09:35:21.3810329Z ##[error]Process completed with exit code 1.
2026-09-17T09:35:21.3975322Z Cleaning up orphan processes
