2026-09-17T09:31:03.6208337Z Current runner version: '2.337.0'
2026-09-17T09:31:03.6236507Z ##[group]Runner Image Provisioner
2026-09-17T09:31:03.6237479Z Hosted Compute Agent
2026-09-17T09:31:03.6238191Z Version: 20260828.587
2026-09-17T09:31:03.6238863Z Commit: abac92662cab4cc7352de4f9f9d2e2419aad9c29
2026-09-17T09:31:03.6239621Z Build Date: 2026-08-28T16:44:25Z
2026-09-17T09:31:03.6240465Z Worker ID: {ce61eb7e-75ae-4051-8a3b-03a2bafc734a}
2026-09-17T09:31:03.6241207Z Azure Region: westus
2026-09-17T09:31:03.6241766Z ##[endgroup]
2026-09-17T09:31:03.6243759Z ##[group]Operating System
2026-09-17T09:31:03.6244440Z Ubuntu
2026-09-17T09:31:03.6245075Z 24.04.5
2026-09-17T09:31:03.6245601Z LTS
2026-09-17T09:31:03.6246660Z ##[endgroup]
2026-09-17T09:31:03.6247368Z ##[group]Runner Image
2026-09-17T09:31:03.6248070Z Image: ubuntu-24.04
2026-09-17T09:31:03.6248715Z Version: 20260907.300.1
2026-09-17T09:31:03.6250063Z Included Software: https://github.com/actions/runner-images/blob/ubuntu24/20260907.300/images/ubuntu/Ubuntu2404-Readme.md
2026-09-17T09:31:03.6251711Z Image Release: https://github.com/actions/runner-images/releases/tag/ubuntu24%2F20260907.300
2026-09-17T09:31:03.6252710Z ##[endgroup]
2026-09-17T09:31:03.6253914Z ##[group]GITHUB_TOKEN Permissions
2026-09-17T09:31:03.6256342Z Contents: read
2026-09-17T09:31:03.6257018Z Metadata: read
2026-09-17T09:31:03.6257602Z ##[endgroup]
2026-09-17T09:31:03.6259930Z Secret source: Actions
2026-09-17T09:31:03.6260998Z Cache mode: write
2026-09-17T09:31:03.6261719Z Prepare workflow directory
2026-09-17T09:31:03.6632159Z Prepare all required actions
2026-09-17T09:31:03.6743086Z Complete job name: verify
2026-09-17T09:31:03.7629055Z ##[group]Run if [ "$CODE_PATHS" != "success" ]; then
2026-09-17T09:31:03.7630160Z [36;1mif [ "$CODE_PATHS" != "success" ]; then[0m
2026-09-17T09:31:03.7630867Z [36;1m  exit 1[0m
2026-09-17T09:31:03.7631472Z [36;1mfi[0m
2026-09-17T09:31:03.7632298Z [36;1mif [ "$ROOT_DIRECTORY_GUARD" != "success" ]; then[0m
2026-09-17T09:31:03.7632997Z [36;1m  exit 1[0m
2026-09-17T09:31:03.7633619Z [36;1mfi[0m
2026-09-17T09:31:03.7634191Z [36;1mif [ "$SHOULD_RUN" != "true" ]; then[0m
2026-09-17T09:31:03.7635097Z [36;1m  echo "Docs-only change; expensive PR checks skipped."[0m
2026-09-17T09:31:03.7636134Z [36;1mfi[0m
2026-09-17T09:31:03.7636668Z [36;1mfailed=0[0m
2026-09-17T09:31:03.7637287Z [36;1mcheck_job() {[0m
2026-09-17T09:31:03.7637976Z [36;1m  local name="$1" result="$2" should="$3"[0m
2026-09-17T09:31:03.7638809Z [36;1m  if [ "$should" = "true" ]; then[0m
2026-09-17T09:31:03.7639528Z [36;1m    if [ "$result" != "success" ]; then[0m
2026-09-17T09:31:03.7640444Z [36;1m      echo "$name: expected success, got $result"[0m
2026-09-17T09:31:03.7641188Z [36;1m      failed=1[0m
2026-09-17T09:31:03.7641774Z [36;1m    fi[0m
2026-09-17T09:31:03.7642359Z [36;1m  else[0m
2026-09-17T09:31:03.7642938Z [36;1m    if [ "$result" != "skipped" ]; then[0m
2026-09-17T09:31:03.7736880Z [36;1m      echo "$name: expected skipped, got $result"[0m
2026-09-17T09:31:03.7738463Z [36;1m      failed=1[0m
2026-09-17T09:31:03.7739421Z [36;1m    fi[0m
2026-09-17T09:31:03.7740246Z [36;1m  fi[0m
2026-09-17T09:31:03.7741025Z [36;1m}[0m
2026-09-17T09:31:03.7742067Z [36;1m# Require success when the PR has code-relevant changes[0m
2026-09-17T09:31:03.7743459Z [36;1mcheck_job static_analysis "$STATIC_ANALYSIS" "$STATIC_ANALYSIS_SHOULD_RUN"[0m
2026-09-17T09:31:03.7744574Z [36;1mcheck_job typecheck "$TYPECHECK" "$TYPECHECK_SHOULD_RUN"[0m
2026-09-17T09:31:03.7745719Z [36;1mcheck_job git_compatibility "$GIT_COMPATIBILITY" "$GIT_COMPATIBILITY_SHOULD_RUN"[0m
2026-09-17T09:31:03.7747567Z [36;1mcheck_job codex_index_heal_contract "$CODEX_INDEX_HEAL_CONTRACT" "$CODEX_INDEX_HEAL_CONTRACT_SHOULD_RUN"[0m
2026-09-17T09:31:03.7748793Z [36;1mcheck_job xterm_patch_sync "$XTERM_PATCH_SYNC" "$XTERM_PATCH_SYNC_SHOULD_RUN"[0m
2026-09-17T09:31:03.7749862Z [36;1mcheck_job shell_contracts "$SHELL_CONTRACTS" "$SHELL_CONTRACTS_SHOULD_RUN"[0m
2026-09-17T09:31:03.7750721Z [36;1mcheck_job test "$TEST" "$TEST_SHOULD_RUN"[0m
2026-09-17T09:31:03.7751971Z [36;1mcheck_job orcad_browser "$ORCAD_BROWSER" "$ORCAD_BROWSER_SHOULD_RUN"[0m
2026-09-17T09:31:03.7753024Z [36;1mcheck_job cross-version-wire "$CROSS_VERSION_WIRE" "$CROSS_VERSION_WIRE_SHOULD_RUN"[0m
2026-09-17T09:31:03.7754184Z [36;1mcheck_job managed_hook_node18 "$MANAGED_HOOK_NODE18" "$MANAGED_HOOK_NODE18_SHOULD_RUN"[0m
2026-09-17T09:31:03.7755441Z [36;1mcheck_job package "$PACKAGE" "$PACKAGE_SHOULD_RUN"[0m
2026-09-17T09:31:03.7756671Z [36;1mcheck_job package_windows "$PACKAGE_WINDOWS" "$PACKAGE_WINDOWS_SHOULD_RUN"[0m
2026-09-17T09:31:03.7757515Z [36;1mexit "$failed"[0m
2026-09-17T09:31:03.8276616Z shell: /usr/bin/bash -e {0}
2026-09-17T09:31:03.8278089Z env:
2026-09-17T09:31:03.8278885Z   CODE_PATHS: cancelled
2026-09-17T09:31:03.8279746Z   SHOULD_RUN: 
2026-09-17T09:31:03.8280518Z   STATIC_ANALYSIS: cancelled
2026-09-17T09:31:03.8281429Z   STATIC_ANALYSIS_SHOULD_RUN: 
2026-09-17T09:31:03.8282381Z   ROOT_DIRECTORY_GUARD: cancelled
2026-09-17T09:31:03.8283361Z   TYPECHECK: cancelled
2026-09-17T09:31:03.8284183Z   TYPECHECK_SHOULD_RUN: 
2026-09-17T09:31:03.8285024Z   GIT_COMPATIBILITY: cancelled
2026-09-17T09:31:03.8286217Z   GIT_COMPATIBILITY_SHOULD_RUN: 
2026-09-17T09:31:03.8287203Z   CODEX_INDEX_HEAL_CONTRACT: cancelled
2026-09-17T09:31:03.8288195Z   CODEX_INDEX_HEAL_CONTRACT_SHOULD_RUN: 
2026-09-17T09:31:03.8289157Z   XTERM_PATCH_SYNC: cancelled
2026-09-17T09:31:03.8290073Z   XTERM_PATCH_SYNC_SHOULD_RUN: 
2026-09-17T09:31:03.8290970Z   SHELL_CONTRACTS: cancelled
2026-09-17T09:31:03.8291862Z   SHELL_CONTRACTS_SHOULD_RUN: 
2026-09-17T09:31:03.8293114Z   TEST: skipped
2026-09-17T09:31:03.8293966Z   TEST_SHOULD_RUN: 
2026-09-17T09:31:03.8294773Z   ORCAD_BROWSER: cancelled
2026-09-17T09:31:03.8295698Z   ORCAD_BROWSER_SHOULD_RUN: 
2026-09-17T09:31:03.8296920Z   CROSS_VERSION_WIRE: cancelled
2026-09-17T09:31:03.8297883Z   CROSS_VERSION_WIRE_SHOULD_RUN: 
2026-09-17T09:31:03.8298821Z   MANAGED_HOOK_NODE18: cancelled
2026-09-17T09:31:03.8299821Z   MANAGED_HOOK_NODE18_SHOULD_RUN: 
2026-09-17T09:31:03.8300819Z   PACKAGE: cancelled
2026-09-17T09:31:03.8301651Z   PACKAGE_SHOULD_RUN: 
2026-09-17T09:31:03.8302543Z   PACKAGE_WINDOWS: cancelled
2026-09-17T09:31:03.8303456Z   PACKAGE_WINDOWS_SHOULD_RUN: 
2026-09-17T09:31:03.8304454Z ##[endgroup]
2026-09-17T09:31:03.8763416Z ##[error]Process completed with exit code 1.
2026-09-17T09:31:03.9008950Z Cleaning up orphan processes
