2026-09-17T09:21:35.9315349Z Current runner version: '2.337.0'
2026-09-17T09:21:35.9351436Z ##[group]Runner Image Provisioner
2026-09-17T09:21:35.9352962Z Hosted Compute Agent
2026-09-17T09:21:35.9354030Z Version: 20260828.587
2026-09-17T09:21:35.9355250Z Commit: abac92662cab4cc7352de4f9f9d2e2419aad9c29
2026-09-17T09:21:35.9356529Z Build Date: 2026-08-28T16:44:25Z
2026-09-17T09:21:35.9357712Z Worker ID: {6927ce3c-8af7-4e4a-a3ef-0b8ee97a3a98}
2026-09-17T09:21:35.9359044Z Azure Region: eastus
2026-09-17T09:21:35.9360343Z ##[endgroup]
2026-09-17T09:21:35.9362695Z ##[group]Operating System
2026-09-17T09:21:35.9363781Z Ubuntu
2026-09-17T09:21:35.9364685Z 24.04.5
2026-09-17T09:21:35.9365574Z LTS
2026-09-17T09:21:35.9366602Z ##[endgroup]
2026-09-17T09:21:35.9367706Z ##[group]Runner Image
2026-09-17T09:21:35.9368862Z Image: ubuntu-24.04
2026-09-17T09:21:35.9370265Z Version: 20260907.300.1
2026-09-17T09:21:35.9372565Z Included Software: https://github.com/actions/runner-images/blob/ubuntu24/20260907.300/images/ubuntu/Ubuntu2404-Readme.md
2026-09-17T09:21:35.9375503Z Image Release: https://github.com/actions/runner-images/releases/tag/ubuntu24%2F20260907.300
2026-09-17T09:21:35.9377411Z ##[endgroup]
2026-09-17T09:21:35.9379732Z ##[group]GITHUB_TOKEN Permissions
2026-09-17T09:21:35.9383041Z Contents: read
2026-09-17T09:21:35.9384129Z Metadata: read
2026-09-17T09:21:35.9385203Z ##[endgroup]
2026-09-17T09:21:35.9388148Z Secret source: Actions
2026-09-17T09:21:35.9390241Z Cache mode: write
2026-09-17T09:21:35.9391790Z Prepare workflow directory
2026-09-17T09:21:35.9863308Z Prepare all required actions
2026-09-17T09:21:36.0016610Z Complete job name: verify
2026-09-17T09:21:36.1262647Z ##[group]Run if [ "$CODE_PATHS" != "success" ]; then
2026-09-17T09:21:36.1264021Z [36;1mif [ "$CODE_PATHS" != "success" ]; then[0m
2026-09-17T09:21:36.1265088Z [36;1m  exit 1[0m
2026-09-17T09:21:36.1265825Z [36;1mfi[0m
2026-09-17T09:21:36.1266901Z [36;1mif [ "$ROOT_DIRECTORY_GUARD" != "success" ]; then[0m
2026-09-17T09:21:36.1267993Z [36;1m  exit 1[0m
2026-09-17T09:21:36.1268734Z [36;1mfi[0m
2026-09-17T09:21:36.1269821Z [36;1mif [ "$SHOULD_RUN" != "true" ]; then[0m
2026-09-17T09:21:36.1271138Z [36;1m  echo "Docs-only change; expensive PR checks skipped."[0m
2026-09-17T09:21:36.1272332Z [36;1mfi[0m
2026-09-17T09:21:36.1273030Z [36;1mfailed=0[0m
2026-09-17T09:21:36.1273807Z [36;1mcheck_job() {[0m
2026-09-17T09:21:36.1274772Z [36;1m  local name="$1" result="$2" should="$3"[0m
2026-09-17T09:21:36.1275924Z [36;1m  if [ "$should" = "true" ]; then[0m
2026-09-17T09:21:36.1276953Z [36;1m    if [ "$result" != "success" ]; then[0m
2026-09-17T09:21:36.1278195Z [36;1m      echo "$name: expected success, got $result"[0m
2026-09-17T09:21:36.1279673Z [36;1m      failed=1[0m
2026-09-17T09:21:36.1280494Z [36;1m    fi[0m
2026-09-17T09:21:36.1281210Z [36;1m  else[0m
2026-09-17T09:21:36.1282049Z [36;1m    if [ "$result" != "skipped" ]; then[0m
2026-09-17T09:21:36.1283235Z [36;1m      echo "$name: expected skipped, got $result"[0m
2026-09-17T09:21:36.1284416Z [36;1m      failed=1[0m
2026-09-17T09:21:36.1285264Z [36;1m    fi[0m
2026-09-17T09:21:36.1286025Z [36;1m  fi[0m
2026-09-17T09:21:36.1286770Z [36;1m}[0m
2026-09-17T09:21:36.1287731Z [36;1m# Require success when the PR has code-relevant changes[0m
2026-09-17T09:21:36.1289636Z [36;1mcheck_job static_analysis "$STATIC_ANALYSIS" "$STATIC_ANALYSIS_SHOULD_RUN"[0m
2026-09-17T09:21:36.1291335Z [36;1mcheck_job typecheck "$TYPECHECK" "$TYPECHECK_SHOULD_RUN"[0m
2026-09-17T09:21:36.1293029Z [36;1mcheck_job git_compatibility "$GIT_COMPATIBILITY" "$GIT_COMPATIBILITY_SHOULD_RUN"[0m
2026-09-17T09:21:36.1295218Z [36;1mcheck_job codex_index_heal_contract "$CODEX_INDEX_HEAL_CONTRACT" "$CODEX_INDEX_HEAL_CONTRACT_SHOULD_RUN"[0m
2026-09-17T09:21:36.1297347Z [36;1mcheck_job xterm_patch_sync "$XTERM_PATCH_SYNC" "$XTERM_PATCH_SYNC_SHOULD_RUN"[0m
2026-09-17T09:21:36.1299183Z [36;1mcheck_job shell_contracts "$SHELL_CONTRACTS" "$SHELL_CONTRACTS_SHOULD_RUN"[0m
2026-09-17T09:21:36.1300982Z [36;1mcheck_job test "$TEST" "$TEST_SHOULD_RUN"[0m
2026-09-17T09:21:36.1302861Z [36;1mcheck_job orcad_browser "$ORCAD_BROWSER" "$ORCAD_BROWSER_SHOULD_RUN"[0m
2026-09-17T09:21:36.1304687Z [36;1mcheck_job cross-version-wire "$CROSS_VERSION_WIRE" "$CROSS_VERSION_WIRE_SHOULD_RUN"[0m
2026-09-17T09:21:36.1306710Z [36;1mcheck_job managed_hook_node18 "$MANAGED_HOOK_NODE18" "$MANAGED_HOOK_NODE18_SHOULD_RUN"[0m
2026-09-17T09:21:36.1308384Z [36;1mcheck_job package "$PACKAGE" "$PACKAGE_SHOULD_RUN"[0m
2026-09-17T09:21:36.1310241Z [36;1mcheck_job package_windows "$PACKAGE_WINDOWS" "$PACKAGE_WINDOWS_SHOULD_RUN"[0m
2026-09-17T09:21:36.1311653Z [36;1mexit "$failed"[0m
2026-09-17T09:21:36.1964614Z shell: /usr/bin/bash -e {0}
2026-09-17T09:21:36.1965623Z env:
2026-09-17T09:21:36.1966153Z   CODE_PATHS: cancelled
2026-09-17T09:21:36.1966736Z   SHOULD_RUN: 
2026-09-17T09:21:36.1967277Z   STATIC_ANALYSIS: cancelled
2026-09-17T09:21:36.1967904Z   STATIC_ANALYSIS_SHOULD_RUN: 
2026-09-17T09:21:36.1968538Z   ROOT_DIRECTORY_GUARD: cancelled
2026-09-17T09:21:36.1969197Z   TYPECHECK: cancelled
2026-09-17T09:21:36.1970032Z   TYPECHECK_SHOULD_RUN: 
2026-09-17T09:21:36.1970629Z   GIT_COMPATIBILITY: cancelled
2026-09-17T09:21:36.1971272Z   GIT_COMPATIBILITY_SHOULD_RUN: 
2026-09-17T09:21:36.1971925Z   CODEX_INDEX_HEAL_CONTRACT: cancelled
2026-09-17T09:21:36.1972622Z   CODEX_INDEX_HEAL_CONTRACT_SHOULD_RUN: 
2026-09-17T09:21:36.1973228Z   XTERM_PATCH_SYNC: cancelled
2026-09-17T09:21:36.1973754Z   XTERM_PATCH_SYNC_SHOULD_RUN: 
2026-09-17T09:21:36.1974280Z   SHELL_CONTRACTS: cancelled
2026-09-17T09:21:36.1974781Z   SHELL_CONTRACTS_SHOULD_RUN: 
2026-09-17T09:21:36.1975589Z   TEST: skipped
2026-09-17T09:21:36.1976042Z   TEST_SHOULD_RUN: 
2026-09-17T09:21:36.1976493Z   ORCAD_BROWSER: cancelled
2026-09-17T09:21:36.1976995Z   ORCAD_BROWSER_SHOULD_RUN: 
2026-09-17T09:21:36.1977508Z   CROSS_VERSION_WIRE: cancelled
2026-09-17T09:21:36.1978036Z   CROSS_VERSION_WIRE_SHOULD_RUN: 
2026-09-17T09:21:36.1978567Z   MANAGED_HOOK_NODE18: cancelled
2026-09-17T09:21:36.1979094Z   MANAGED_HOOK_NODE18_SHOULD_RUN: 
2026-09-17T09:21:36.1979834Z   PACKAGE: cancelled
2026-09-17T09:21:36.1980356Z   PACKAGE_SHOULD_RUN: 
2026-09-17T09:21:36.1980835Z   PACKAGE_WINDOWS: cancelled
2026-09-17T09:21:36.1981349Z   PACKAGE_WINDOWS_SHOULD_RUN: 
2026-09-17T09:21:36.1981846Z ##[endgroup]
2026-09-17T09:21:36.2246895Z ##[error]Process completed with exit code 1.
2026-09-17T09:21:36.2446638Z Cleaning up orphan processes
