2026-09-17T09:21:36.4737591Z Current runner version: '2.337.0'
2026-09-17T09:21:36.4762848Z ##[group]Runner Image Provisioner
2026-09-17T09:21:36.4763843Z Hosted Compute Agent
2026-09-17T09:21:36.4764498Z Version: 20260828.587
2026-09-17T09:21:36.4765384Z Commit: abac92662cab4cc7352de4f9f9d2e2419aad9c29
2026-09-17T09:21:36.4766165Z Build Date: 2026-08-28T16:44:25Z
2026-09-17T09:21:36.4766837Z Worker ID: {229a99b9-1b07-4225-a4e0-850729c8a6e2}
2026-09-17T09:21:36.4767598Z Azure Region: eastus
2026-09-17T09:21:36.4768203Z ##[endgroup]
2026-09-17T09:21:36.4769690Z ##[group]Operating System
2026-09-17T09:21:36.4770426Z Ubuntu
2026-09-17T09:21:36.4770949Z 24.04.5
2026-09-17T09:21:36.4771490Z LTS
2026-09-17T09:21:36.4772084Z ##[endgroup]
2026-09-17T09:21:36.4772614Z ##[group]Runner Image
2026-09-17T09:21:36.4773263Z Image: ubuntu-24.04
2026-09-17T09:21:36.4773842Z Version: 20260907.300.1
2026-09-17T09:21:36.4775609Z Included Software: https://github.com/actions/runner-images/blob/ubuntu24/20260907.300/images/ubuntu/Ubuntu2404-Readme.md
2026-09-17T09:21:36.4777304Z Image Release: https://github.com/actions/runner-images/releases/tag/ubuntu24%2F20260907.300
2026-09-17T09:21:36.4778400Z ##[endgroup]
2026-09-17T09:21:36.4779487Z ##[group]GITHUB_TOKEN Permissions
2026-09-17T09:21:36.4781808Z Contents: read
2026-09-17T09:21:36.4782409Z Metadata: read
2026-09-17T09:21:36.4783019Z ##[endgroup]
2026-09-17T09:21:36.4785510Z Secret source: Actions
2026-09-17T09:21:36.4786588Z Cache mode: write
2026-09-17T09:21:36.4787602Z Prepare workflow directory
2026-09-17T09:21:36.5122745Z Prepare all required actions
2026-09-17T09:21:36.5229275Z Complete job name: verify
2026-09-17T09:21:36.6143920Z ##[group]Run if [ "$CODE_PATHS" != "success" ]; then
2026-09-17T09:21:36.6144764Z [36;1mif [ "$CODE_PATHS" != "success" ]; then[0m
2026-09-17T09:21:36.6145687Z [36;1m  exit 1[0m
2026-09-17T09:21:36.6146118Z [36;1mfi[0m
2026-09-17T09:21:36.6146766Z [36;1mif [ "$ROOT_DIRECTORY_GUARD" != "success" ]; then[0m
2026-09-17T09:21:36.6147383Z [36;1m  exit 1[0m
2026-09-17T09:21:36.6147868Z [36;1mfi[0m
2026-09-17T09:21:36.6148332Z [36;1mif [ "$SHOULD_RUN" != "true" ]; then[0m
2026-09-17T09:21:36.6149043Z [36;1m  echo "Docs-only change; expensive PR checks skipped."[0m
2026-09-17T09:21:36.6149709Z [36;1mfi[0m
2026-09-17T09:21:36.6150119Z [36;1mfailed=0[0m
2026-09-17T09:21:36.6150567Z [36;1mcheck_job() {[0m
2026-09-17T09:21:36.6151110Z [36;1m  local name="$1" result="$2" should="$3"[0m
2026-09-17T09:21:36.6151750Z [36;1m  if [ "$should" = "true" ]; then[0m
2026-09-17T09:21:36.6152356Z [36;1m    if [ "$result" != "success" ]; then[0m
2026-09-17T09:21:36.6153059Z [36;1m      echo "$name: expected success, got $result"[0m
2026-09-17T09:21:36.6153681Z [36;1m      failed=1[0m
2026-09-17T09:21:36.6154155Z [36;1m    fi[0m
2026-09-17T09:21:36.6154586Z [36;1m  else[0m
2026-09-17T09:21:36.6155065Z [36;1m    if [ "$result" != "skipped" ]; then[0m
2026-09-17T09:21:36.6156099Z [36;1m      echo "$name: expected skipped, got $result"[0m
2026-09-17T09:21:36.6156732Z [36;1m      failed=1[0m
2026-09-17T09:21:36.6157216Z [36;1m    fi[0m
2026-09-17T09:21:36.6157656Z [36;1m  fi[0m
2026-09-17T09:21:36.6158078Z [36;1m}[0m
2026-09-17T09:21:36.6158644Z [36;1m# Require success when the PR has code-relevant changes[0m
2026-09-17T09:21:36.6159554Z [36;1mcheck_job static_analysis "$STATIC_ANALYSIS" "$STATIC_ANALYSIS_SHOULD_RUN"[0m
2026-09-17T09:21:36.6160475Z [36;1mcheck_job typecheck "$TYPECHECK" "$TYPECHECK_SHOULD_RUN"[0m
2026-09-17T09:21:36.6161434Z [36;1mcheck_job git_compatibility "$GIT_COMPATIBILITY" "$GIT_COMPATIBILITY_SHOULD_RUN"[0m
2026-09-17T09:21:36.6162655Z [36;1mcheck_job codex_index_heal_contract "$CODEX_INDEX_HEAL_CONTRACT" "$CODEX_INDEX_HEAL_CONTRACT_SHOULD_RUN"[0m
2026-09-17T09:21:36.6163821Z [36;1mcheck_job xterm_patch_sync "$XTERM_PATCH_SYNC" "$XTERM_PATCH_SYNC_SHOULD_RUN"[0m
2026-09-17T09:21:36.6164838Z [36;1mcheck_job shell_contracts "$SHELL_CONTRACTS" "$SHELL_CONTRACTS_SHOULD_RUN"[0m
2026-09-17T09:21:36.6166023Z [36;1mcheck_job test "$TEST" "$TEST_SHOULD_RUN"[0m
2026-09-17T09:21:36.6167181Z [36;1mcheck_job orcad_browser "$ORCAD_BROWSER" "$ORCAD_BROWSER_SHOULD_RUN"[0m
2026-09-17T09:21:36.6168213Z [36;1mcheck_job cross-version-wire "$CROSS_VERSION_WIRE" "$CROSS_VERSION_WIRE_SHOULD_RUN"[0m
2026-09-17T09:21:36.6169334Z [36;1mcheck_job managed_hook_node18 "$MANAGED_HOOK_NODE18" "$MANAGED_HOOK_NODE18_SHOULD_RUN"[0m
2026-09-17T09:21:36.6170278Z [36;1mcheck_job package "$PACKAGE" "$PACKAGE_SHOULD_RUN"[0m
2026-09-17T09:21:36.6171162Z [36;1mcheck_job package_windows "$PACKAGE_WINDOWS" "$PACKAGE_WINDOWS_SHOULD_RUN"[0m
2026-09-17T09:21:36.6171955Z [36;1mexit "$failed"[0m
2026-09-17T09:21:36.7036612Z shell: /usr/bin/bash -e {0}
2026-09-17T09:21:36.7038155Z env:
2026-09-17T09:21:36.7038895Z   CODE_PATHS: cancelled
2026-09-17T09:21:36.7039719Z   SHOULD_RUN: 
2026-09-17T09:21:36.7040485Z   STATIC_ANALYSIS: cancelled
2026-09-17T09:21:36.7041383Z   STATIC_ANALYSIS_SHOULD_RUN: 
2026-09-17T09:21:36.7042287Z   ROOT_DIRECTORY_GUARD: cancelled
2026-09-17T09:21:36.7043241Z   TYPECHECK: cancelled
2026-09-17T09:21:36.7044150Z   TYPECHECK_SHOULD_RUN: 
2026-09-17T09:21:36.7045047Z   GIT_COMPATIBILITY: cancelled
2026-09-17T09:21:36.7046305Z   GIT_COMPATIBILITY_SHOULD_RUN: 
2026-09-17T09:21:36.7047272Z   CODEX_INDEX_HEAL_CONTRACT: cancelled
2026-09-17T09:21:36.7048318Z   CODEX_INDEX_HEAL_CONTRACT_SHOULD_RUN: 
2026-09-17T09:21:36.7049340Z   XTERM_PATCH_SYNC: cancelled
2026-09-17T09:21:36.7050250Z   XTERM_PATCH_SYNC_SHOULD_RUN: 
2026-09-17T09:21:36.7051206Z   SHELL_CONTRACTS: cancelled
2026-09-17T09:21:36.7052126Z   SHELL_CONTRACTS_SHOULD_RUN: 
2026-09-17T09:21:36.7053430Z   TEST: skipped
2026-09-17T09:21:36.7054237Z   TEST_SHOULD_RUN: 
2026-09-17T09:21:36.7054992Z   ORCAD_BROWSER: cancelled
2026-09-17T09:21:36.7056176Z   ORCAD_BROWSER_SHOULD_RUN: 
2026-09-17T09:21:36.7057063Z   CROSS_VERSION_WIRE: cancelled
2026-09-17T09:21:36.7057978Z   CROSS_VERSION_WIRE_SHOULD_RUN: 
2026-09-17T09:21:36.7058940Z   MANAGED_HOOK_NODE18: cancelled
2026-09-17T09:21:36.7059847Z   MANAGED_HOOK_NODE18_SHOULD_RUN: 
2026-09-17T09:21:36.7060794Z   PACKAGE: cancelled
2026-09-17T09:21:36.7061848Z   PACKAGE_SHOULD_RUN: 
2026-09-17T09:21:36.7062672Z   PACKAGE_WINDOWS: cancelled
2026-09-17T09:21:36.7063566Z   PACKAGE_WINDOWS_SHOULD_RUN: 
2026-09-17T09:21:36.7064441Z ##[endgroup]
2026-09-17T09:21:36.7334793Z ##[error]Process completed with exit code 1.
2026-09-17T09:21:36.7537458Z Cleaning up orphan processes
